# bar snippet calls foo snippet directly, so uses the outer def of foo
# [[start bar
outer bar!
outer foo!
# end]]

# delegates to foo, but uses dynamic lookup, so should use overridden foo def
# [[start baz
outer baz!
inner foo!
# end]]
