# <<? hello
hello stranger...
# ?>>

# <<? hello null
hello stranger...
# ?>>

# <<? hello "Jane"
hello Jane!
# ?>>

# <<? print_files ["/etc/passwd", "/etc/issue"]
printing file '/etc/passwd'...
printing file '/etc/issue'...
# ?>>