# <<? bar
outer bar!
outer foo!
# ?>>

# <<? baz
outer baz!
outer foo!
# ?>>
